====================================================
SECURITY TOKEN (Required for API usage):
92e4071ceec57feacc1b0b11bf5eb2ac
====================================================
(node:60729) [DEP0040] DeprecationWarning: The `punycode` module is deprecated. Please use a userland alternative instead.
(Use `node --trace-deprecation ...` to show where the warning was created)
Thermal Printer Web Tool is running at http://localhost:3000
Bluetooth discovery failed. Fallback to list empty or serial ports. Error: Could not locate the bindings file. Tried:
 → /app/thermal-print-system/node_modules/node-bluetooth/build/BluetoothSerialPort.node
 → /app/thermal-print-system/node_modules/node-bluetooth/build/Debug/BluetoothSerialPort.node
 → /app/thermal-print-system/node_modules/node-bluetooth/build/Release/BluetoothSerialPort.node
 → /app/thermal-print-system/node_modules/node-bluetooth/out/Debug/BluetoothSerialPort.node
 → /app/thermal-print-system/node_modules/node-bluetooth/Debug/BluetoothSerialPort.node
 → /app/thermal-print-system/node_modules/node-bluetooth/out/Release/BluetoothSerialPort.node
 → /app/thermal-print-system/node_modules/node-bluetooth/Release/BluetoothSerialPort.node
 → /app/thermal-print-system/node_modules/node-bluetooth/build/default/BluetoothSerialPort.node
 → /app/thermal-print-system/node_modules/node-bluetooth/compiled/22.22.1/linux/x64/BluetoothSerialPort.node
    at bindings (/app/thermal-print-system/node_modules/bindings/bindings.js:88:9)
    at Object.<anonymous> (/app/thermal-print-system/node_modules/node-bluetooth/index.js:3:48)
    at Module._compile (node:internal/modules/cjs/loader:1705:14)
    at Object..js (node:internal/modules/cjs/loader:1838:10)
    at Module.load (node:internal/modules/cjs/loader:1441:32)
    at Function._load (node:internal/modules/cjs/loader:1263:12)
    at TracingChannel.traceSync (node:diagnostics_channel:328:14)
    at wrapModuleLoad (node:internal/modules/cjs/loader:237:24)
    at Module.require (node:internal/modules/cjs/loader:1463:12)
    at require (node:internal/modules/helpers:147:16) {
  tries: [
    '/app/thermal-print-system/node_modules/node-bluetooth/build/BluetoothSerialPort.node',
    '/app/thermal-print-system/node_modules/node-bluetooth/build/Debug/BluetoothSerialPort.node',
    '/app/thermal-print-system/node_modules/node-bluetooth/build/Release/BluetoothSerialPort.node',
    '/app/thermal-print-system/node_modules/node-bluetooth/out/Debug/BluetoothSerialPort.node',
    '/app/thermal-print-system/node_modules/node-bluetooth/Debug/BluetoothSerialPort.node',
    '/app/thermal-print-system/node_modules/node-bluetooth/out/Release/BluetoothSerialPort.node',
    '/app/thermal-print-system/node_modules/node-bluetooth/Release/BluetoothSerialPort.node',
    '/app/thermal-print-system/node_modules/node-bluetooth/build/default/BluetoothSerialPort.node',
    '/app/thermal-print-system/node_modules/node-bluetooth/compiled/22.22.1/linux/x64/BluetoothSerialPort.node'
  ]
}
